MPLINK 5.09, LINKER
Linker Map File - Created Thu Dec 15 12:30:47 2022

                                 Section Info
                  Section       Type    Address   Location Size(Bytes)
                ---------  ---------  ---------  ---------  ---------
                   .org_0       code   0x000000    program   0x00009c
                   .cinit    romdata   0x00004e    program   0x000004
.config_2007_BUILD/DEFAULT/PRODUCTION/MAIN_PI       code   0x002007    program   0x000002
.config_2008_BUILD/DEFAULT/PRODUCTION/MAIN_PI       code   0x002008    program   0x000002



                              Program Memory Usage 
                               Start         End      
                           ---------   ---------      
                            0x000000    0x00004f      
                            0x002007    0x002008      
            82 out of 8455 program addresses used, program memory utilization is 0%



                              Symbols - Sorted by Name
                     Name    Address   Location    Storage File                     
                ---------  ---------  ---------  --------- ---------                
                   INICIO   0x000001    program     static C:\Users\Logicos\Documents\CJ_DIGITALES_ENSAN\pines_CJ.X\main_pines_CJ.asm
                     LOOP   0x00000c    program     static C:\Users\Logicos\Documents\CJ_DIGITALES_ENSAN\pines_CJ.X\main_pines_CJ.asm
                    REP_1   0x00003e    program     static C:\Users\Logicos\Documents\CJ_DIGITALES_ENSAN\pines_CJ.X\main_pines_CJ.asm
                   REP_11   0x000047    program     static C:\Users\Logicos\Documents\CJ_DIGITALES_ENSAN\pines_CJ.X\main_pines_CJ.asm
                    REP_2   0x000040    program     static C:\Users\Logicos\Documents\CJ_DIGITALES_ENSAN\pines_CJ.X\main_pines_CJ.asm
                   REP_22   0x000049    program     static C:\Users\Logicos\Documents\CJ_DIGITALES_ENSAN\pines_CJ.X\main_pines_CJ.asm
                  RETARDO   0x00003c    program     static C:\Users\Logicos\Documents\CJ_DIGITALES_ENSAN\pines_CJ.X\main_pines_CJ.asm
                 RETARDO1   0x000045    program     static C:\Users\Logicos\Documents\CJ_DIGITALES_ENSAN\pines_CJ.X\main_pines_CJ.asm
              SECUENCIA_1   0x000013    program     static C:\Users\Logicos\Documents\CJ_DIGITALES_ENSAN\pines_CJ.X\main_pines_CJ.asm
             SECUENCIA_1V   0x000010    program     static C:\Users\Logicos\Documents\CJ_DIGITALES_ENSAN\pines_CJ.X\main_pines_CJ.asm
              SECUENCIA_2   0x00001b    program     static C:\Users\Logicos\Documents\CJ_DIGITALES_ENSAN\pines_CJ.X\main_pines_CJ.asm
             SECUENCIA_2V   0x000018    program     static C:\Users\Logicos\Documents\CJ_DIGITALES_ENSAN\pines_CJ.X\main_pines_CJ.asm
             SECUENCIA_V3   0x000033    program     static C:\Users\Logicos\Documents\CJ_DIGITALES_ENSAN\pines_CJ.X\main_pines_CJ.asm
               Secuencia3   0x000020    program     static C:\Users\Logicos\Documents\CJ_DIGITALES_ENSAN\pines_CJ.X\main_pines_CJ.asm
               Secuencia4   0x00002e    program     static C:\Users\Logicos\Documents\CJ_DIGITALES_ENSAN\pines_CJ.X\main_pines_CJ.asm



                              Symbols - Sorted by Address
                     Name    Address   Location    Storage File                     
                ---------  ---------  ---------  --------- ---------                
                   INICIO   0x000001    program     static C:\Users\Logicos\Documents\CJ_DIGITALES_ENSAN\pines_CJ.X\main_pines_CJ.asm
                     LOOP   0x00000c    program     static C:\Users\Logicos\Documents\CJ_DIGITALES_ENSAN\pines_CJ.X\main_pines_CJ.asm
             SECUENCIA_1V   0x000010    program     static C:\Users\Logicos\Documents\CJ_DIGITALES_ENSAN\pines_CJ.X\main_pines_CJ.asm
              SECUENCIA_1   0x000013    program     static C:\Users\Logicos\Documents\CJ_DIGITALES_ENSAN\pines_CJ.X\main_pines_CJ.asm
             SECUENCIA_2V   0x000018    program     static C:\Users\Logicos\Documents\CJ_DIGITALES_ENSAN\pines_CJ.X\main_pines_CJ.asm
              SECUENCIA_2   0x00001b    program     static C:\Users\Logicos\Documents\CJ_DIGITALES_ENSAN\pines_CJ.X\main_pines_CJ.asm
               Secuencia3   0x000020    program     static C:\Users\Logicos\Documents\CJ_DIGITALES_ENSAN\pines_CJ.X\main_pines_CJ.asm
               Secuencia4   0x00002e    program     static C:\Users\Logicos\Documents\CJ_DIGITALES_ENSAN\pines_CJ.X\main_pines_CJ.asm
             SECUENCIA_V3   0x000033    program     static C:\Users\Logicos\Documents\CJ_DIGITALES_ENSAN\pines_CJ.X\main_pines_CJ.asm
                  RETARDO   0x00003c    program     static C:\Users\Logicos\Documents\CJ_DIGITALES_ENSAN\pines_CJ.X\main_pines_CJ.asm
                    REP_1   0x00003e    program     static C:\Users\Logicos\Documents\CJ_DIGITALES_ENSAN\pines_CJ.X\main_pines_CJ.asm
                    REP_2   0x000040    program     static C:\Users\Logicos\Documents\CJ_DIGITALES_ENSAN\pines_CJ.X\main_pines_CJ.asm
                 RETARDO1   0x000045    program     static C:\Users\Logicos\Documents\CJ_DIGITALES_ENSAN\pines_CJ.X\main_pines_CJ.asm
                   REP_11   0x000047    program     static C:\Users\Logicos\Documents\CJ_DIGITALES_ENSAN\pines_CJ.X\main_pines_CJ.asm
                   REP_22   0x000049    program     static C:\Users\Logicos\Documents\CJ_DIGITALES_ENSAN\pines_CJ.X\main_pines_CJ.asm


